// Jest Snapshot v1, https://goo.gl/fbAQLP

exports[`<Column /> should render the column with title 1`] = `
.c0 {
  display: -webkit-box;
  display: -webkit-flex;
  display: -ms-flexbox;
  display: flex;
  -webkit-flex-direction: column;
  -ms-flex-direction: column;
  flex-direction: column;
  height: 100%;
}

.c1 {
  display: -webkit-box;
  display: -webkit-flex;
  display: -ms-flexbox;
  display: flex;
  margin-bottom: 1.6rem;
}

.c2 {
  font-size: 1.4rem;
  font-weight: 400;
  text-transform: uppercase;
  color: #707990;
}

.c3 {
  background: #f6f8fa;
  -webkit-flex: 1;
  -ms-flex: 1;
  flex: 1;
  padding: 1.6rem;
  border-radius: 0.8rem;
}

<div
  class="c0"
>
  <div
    class="c1"
  >
    <h3
      class="c2"
    >
      Column title
    </h3>
  </div>
  <div
    class="c3"
  >
    Column content
  </div>
</div>
`;
